<testsuites name="jest tests" tests="4" failures="0" time="3.124">
  <testsuite name="undefined" errors="0" failures="0" skipped="0" timestamp="2022-05-07T15:26:43" time="3.124" tests="4">
    <testcase classname=" Initial articles render correctly" name=" Initial articles render correctly" time="0.039">
    </testcase>
    <testcase classname=" Clicking on top renders expected articles" name=" Clicking on top renders expected articles" time="0.023">
    </testcase>
    <testcase classname=" Clicking on newest renders expected articles" name=" Clicking on newest renders expected articles" time="0.017">
    </testcase>
    <testcase classname=" Sequence of navigation clicks renders expected artices" name=" Sequence of navigation clicks renders expected artices" time="0.03">
    </testcase>
  </testsuite>
</testsuites>